scratch/debug_scraper.ts(1,28): error TS2307: Cannot find module '@lib/browser' or its corresponding type declarations.
scratch/debug_scraper.ts(2,34): error TS2307: Cannot find module '@lib/c2c-scraper' or its corresponding type declarations.
src/app/api/extract/export/route.ts(35,53): error TS2345: Argument of type '{ effectiveDate: string | null; company: string | null; productName: string | null; level: string | null; standardVersion: string | null; slug: string; expirationDate: string | null; ... 8 more ...; updatedAt: Date; }[]' is not assignable to parameter of type '{ company: string; productName: string; level: string; standardVersion: string; slug: string; effectiveDate?: string | undefined; expirationDate?: string | undefined; leadAssessmentBody?: string | undefined; materialHealthAssessmentBody?: string | undefined; pdfUrl?: string | ... 1 more ... | undefined; }[]'.
  Type '{ effectiveDate: string | null; company: string | null; productName: string | null; level: string | null; standardVersion: string | null; slug: string; expirationDate: string | null; ... 8 more ...; updatedAt: Date; }' is not assignable to type '{ company: string; productName: string; level: string; standardVersion: string; slug: string; effectiveDate?: string | undefined; expirationDate?: string | undefined; leadAssessmentBody?: string | undefined; materialHealthAssessmentBody?: string | undefined; pdfUrl?: string | ... 1 more ... | undefined; }'.
    Types of property 'company' are incompatible.
      Type 'string | null' is not assignable to type 'string'.
        Type 'null' is not assignable to type 'string'.
src/lib/background-worker.ts(80,43): error TS2345: Argument of type '(p: C2CProduct) => Promise<void>' is not assignable to parameter of type '(value: { effectiveDate: string | null; company: string | null; productName: string | null; level: string | null; standardVersion: string | null; slug: string; expirationDate: string | null; ... 8 more ...; updatedAt: Date; }, index: number, array: { ...; }[]) => Promise<...>'.
  Types of parameters 'p' and 'value' are incompatible.
    Type '{ effectiveDate: string | null; company: string | null; productName: string | null; level: string | null; standardVersion: string | null; slug: string; expirationDate: string | null; ... 8 more ...; updatedAt: Date; }' is not assignable to type '{ company: string; productName: string; level: string; standardVersion: string; slug: string; effectiveDate?: string | undefined; expirationDate?: string | undefined; leadAssessmentBody?: string | undefined; materialHealthAssessmentBody?: string | undefined; pdfUrl?: string | ... 1 more ... | undefined; }'.
      Types of property 'company' are incompatible.
        Type 'string | null' is not assignable to type 'string'.
          Type 'null' is not assignable to type 'string'.
